2026-02-18 09:32:23 INFO  org.hibernate.validator.internal.util.Version - HV000001: Hibernate Validator 9.0.1.Final
2026-02-18 09:32:23 INFO  com.avik.microservices.payment_service.PaymentServiceApplication - Starting PaymentServiceApplication using Java 25 with PID 34668 (C:\Users\sarka\Documents\Study Drive\intellij\projects\capstone-project\payment-service\target\classes started by sarka in C:\Users\sarka\Documents\Study Drive\intellij\projects\capstone-project)
2026-02-18 09:32:23 INFO  com.avik.microservices.payment_service.PaymentServiceApplication - No active profile set, falling back to 1 default profile: "default"
2026-02-18 09:32:23 INFO  org.springframework.cloud.config.client.ConfigServerConfigDataLoader - Fetching config from server at : http://localhost:8888
2026-02-18 09:32:23 INFO  org.springframework.cloud.config.client.ConfigServerConfigDataLoader - Located environment: name=payment-service, profiles=[default], label=null, version=null, state=null
2026-02-18 09:32:23 INFO  org.springframework.data.repository.config.RepositoryConfigurationDelegate - Bootstrapping Spring Data JPA repositories in DEFAULT mode.
2026-02-18 09:32:24 INFO  org.springframework.data.repository.config.RepositoryConfigurationDelegate - Finished Spring Data repository scanning in 108 ms. Found 1 JPA repository interface.
2026-02-18 09:32:24 INFO  org.springframework.cloud.context.scope.GenericScope - BeanFactory id=ddb0d065-f0d9-3cb1-a719-0a09cc66f6f5
2026-02-18 09:32:24 INFO  org.springframework.boot.tomcat.TomcatWebServer - Tomcat initialized with port 8084 (http)
2026-02-18 09:32:24 INFO  org.apache.coyote.http11.Http11NioProtocol - Initializing ProtocolHandler ["http-nio-8084"]
2026-02-18 09:32:24 INFO  org.apache.catalina.core.StandardService - Starting service [Tomcat]
2026-02-18 09:32:24 INFO  org.apache.catalina.core.StandardEngine - Starting Servlet engine: [Apache Tomcat/11.0.15]
2026-02-18 09:32:24 INFO  org.springframework.boot.web.context.servlet.WebApplicationContextInitializer - Root WebApplicationContext: initialization completed in 1311 ms
2026-02-18 09:32:24 INFO  org.hibernate.orm.jpa - HHH008540: Processing PersistenceUnitInfo [name: default]
2026-02-18 09:32:24 INFO  org.hibernate.orm.core - HHH000001: Hibernate ORM core version 7.2.1.Final
2026-02-18 09:32:25 INFO  org.springframework.orm.jpa.persistenceunit.SpringPersistenceUnitInfo - No LoadTimeWeaver setup: ignoring JPA class transformer
2026-02-18 09:32:25 INFO  com.zaxxer.hikari.HikariDataSource - HikariPool-1 - Starting...
2026-02-18 09:32:25 INFO  com.zaxxer.hikari.pool.HikariPool - HikariPool-1 - Added connection org.postgresql.jdbc.PgConnection@5935eb9c
2026-02-18 09:32:25 INFO  com.zaxxer.hikari.HikariDataSource - HikariPool-1 - Start completed.
2026-02-18 09:32:25 INFO  org.hibernate.orm.connections.pooling - HHH10001005: Database info:
	Database JDBC URL [jdbc:postgresql://localhost:5432/projects]
	Database driver: PostgreSQL JDBC Driver
	Database dialect: PostgreSQLDialect
	Database version: 18.2
	Default catalog/schema: projects/public
	Autocommit mode: undefined/unknown
	Isolation level: READ_COMMITTED [default READ_COMMITTED]
	JDBC fetch size: none
	Pool: DataSourceConnectionProvider
	Minimum pool size: undefined/unknown
	Maximum pool size: undefined/unknown
2026-02-18 09:32:26 INFO  org.hibernate.orm.core - HHH000489: No JTA platform available (set 'hibernate.transaction.jta.platform' to enable JTA platform integration)
2026-02-18 09:32:26 INFO  org.springframework.orm.jpa.LocalContainerEntityManagerFactoryBean - Initialized JPA EntityManagerFactory for persistence unit 'default'
2026-02-18 09:32:26 INFO  org.springframework.data.jpa.repository.query.QueryEnhancerFactories - Hibernate is in classpath; If applicable, HQL parser will be used.
2026-02-18 09:32:26 WARN  org.springframework.boot.jpa.autoconfigure.JpaBaseConfiguration$JpaWebConfiguration - spring.jpa.open-in-view is enabled by default. Therefore, database queries may be performed during view rendering. Explicitly configure spring.jpa.open-in-view to disable this warning
2026-02-18 09:32:26 INFO  org.springframework.cloud.netflix.eureka.config.DiscoveryClientOptionalArgsConfiguration - Eureka HTTP Client uses RestClient.
2026-02-18 09:32:26 WARN  org.springframework.cloud.loadbalancer.config.LoadBalancerCacheAutoConfiguration$LoadBalancerCaffeineWarnLogger - Spring Cloud LoadBalancer is currently working with the default cache. While this cache implementation is useful for development and tests, it's recommended to use Caffeine cache in production.You can switch to using Caffeine cache, by adding it and org.springframework.cache.caffeine.CaffeineCacheManager to the classpath.
2026-02-18 09:32:26 INFO  org.springframework.boot.actuate.endpoint.web.EndpointLinksResolver - Exposing 1 endpoint beneath base path '/actuator'
2026-02-18 09:32:26 INFO  org.springframework.cloud.netflix.eureka.InstanceInfoFactory - Setting initial instance status as: STARTING
2026-02-18 09:32:26 INFO  com.netflix.discovery.DiscoveryClient - Initializing Eureka in region us-east-1
2026-02-18 09:32:26 INFO  com.netflix.discovery.shared.resolver.aws.ConfigClusterResolver - Resolving eureka endpoints via configuration
2026-02-18 09:32:26 INFO  com.netflix.discovery.DiscoveryClient - Disable delta property : false
2026-02-18 09:32:26 INFO  com.netflix.discovery.DiscoveryClient - Single vip registry refresh property : null
2026-02-18 09:32:26 INFO  com.netflix.discovery.DiscoveryClient - Force full registry fetch : false
2026-02-18 09:32:26 INFO  com.netflix.discovery.DiscoveryClient - Application is null : false
2026-02-18 09:32:26 INFO  com.netflix.discovery.DiscoveryClient - Registered Applications size is zero : true
2026-02-18 09:32:26 INFO  com.netflix.discovery.DiscoveryClient - Application version is -1: true
2026-02-18 09:32:26 INFO  com.netflix.discovery.DiscoveryClient - Getting all instance registry info from the eureka server
2026-02-18 09:32:27 INFO  com.netflix.discovery.DiscoveryClient - The response status is 200
2026-02-18 09:32:27 INFO  com.netflix.discovery.DiscoveryClient - Starting heartbeat executor: renew interval is: 30
2026-02-18 09:32:27 INFO  com.netflix.discovery.InstanceInfoReplicator - InstanceInfoReplicator onDemand update allowed rate per min is 4
2026-02-18 09:32:27 INFO  com.netflix.discovery.DiscoveryClient - Discovery Client initialized at timestamp 1771387347047 with initial instances count: 7
2026-02-18 09:32:27 INFO  org.springframework.cloud.netflix.eureka.serviceregistry.EurekaServiceRegistry - Registering application PAYMENT-SERVICE with eureka with status UP
2026-02-18 09:32:27 INFO  com.netflix.discovery.DiscoveryClient - Saw local status change event StatusChangeEvent [timestamp=1771387347049, current=UP, previous=STARTING]
2026-02-18 09:32:27 INFO  com.netflix.discovery.DiscoveryClient - DiscoveryClient_PAYMENT-SERVICE/LAPTOP-TR254OS8.mshome.net:payment-service:8084: registering service...
2026-02-18 09:32:27 INFO  org.apache.coyote.http11.Http11NioProtocol - Starting ProtocolHandler ["http-nio-8084"]
2026-02-18 09:32:27 INFO  org.springframework.boot.tomcat.TomcatWebServer - Tomcat started on port 8084 (http) with context path '/'
2026-02-18 09:32:27 INFO  org.springframework.cloud.netflix.eureka.serviceregistry.EurekaAutoServiceRegistration - Updating port to 8084
2026-02-18 09:32:27 INFO  com.avik.microservices.payment_service.PaymentServiceApplication - Started PaymentServiceApplication in 4.359 seconds (process running for 5.108)
2026-02-18 09:32:27 INFO  com.netflix.discovery.DiscoveryClient - DiscoveryClient_PAYMENT-SERVICE/LAPTOP-TR254OS8.mshome.net:payment-service:8084 - registration status: 204
2026-02-18 09:37:26 INFO  com.netflix.discovery.shared.resolver.aws.ConfigClusterResolver - Resolving eureka endpoints via configuration
2026-02-18 09:39:21 INFO  org.apache.catalina.core.ContainerBase.[Tomcat].[localhost].[/] - Initializing Spring DispatcherServlet 'dispatcherServlet'
2026-02-18 09:39:21 INFO  org.springframework.web.servlet.DispatcherServlet - Initializing Servlet 'dispatcherServlet'
2026-02-18 09:39:21 INFO  org.springframework.web.servlet.DispatcherServlet - Completed initialization in 3 ms
2026-02-18 09:39:21 INFO  com.avik.microservices.payment_service.Controller.PaymentController - Received payment request | OrderId: e8beb61b-ed21-46aa-80a8-d192c4b7387d | Status: success
2026-02-18 09:39:21 INFO  com.avik.microservices.payment_service.Service.PaymentService - Processing payment for OrderId: e8beb61b-ed21-46aa-80a8-d192c4b7387d
2026-02-18 09:39:22 INFO  com.avik.microservices.payment_service.Service.PaymentService - Payment saved successfully | PaymentId: 349cf26a-973e-4d7c-b0a8-32997ec6fb66 | Status: SUCCESS
2026-02-18 09:39:56 INFO  com.avik.microservices.payment_service.Controller.PaymentController - Received payment request | OrderId: e8beb61b-ed21-46aa-80a8-d192c4b7387d | Status: SUCCESS
2026-02-18 09:39:56 INFO  com.avik.microservices.payment_service.Service.PaymentService - Processing payment for OrderId: e8beb61b-ed21-46aa-80a8-d192c4b7387d
2026-02-18 09:39:56 INFO  com.avik.microservices.payment_service.Service.PaymentService - Payment saved successfully | PaymentId: f04f1012-3f76-46c4-8713-b899159231b3 | Status: SUCCESS
2026-02-18 09:42:26 INFO  com.netflix.discovery.shared.resolver.aws.ConfigClusterResolver - Resolving eureka endpoints via configuration
2026-02-18 09:47:26 INFO  com.netflix.discovery.shared.resolver.aws.ConfigClusterResolver - Resolving eureka endpoints via configuration
2026-02-18 09:52:26 INFO  com.netflix.discovery.shared.resolver.aws.ConfigClusterResolver - Resolving eureka endpoints via configuration
2026-02-18 09:57:26 INFO  com.netflix.discovery.shared.resolver.aws.ConfigClusterResolver - Resolving eureka endpoints via configuration
2026-02-18 10:02:26 INFO  com.netflix.discovery.shared.resolver.aws.ConfigClusterResolver - Resolving eureka endpoints via configuration
2026-02-18 10:07:26 INFO  com.netflix.discovery.shared.resolver.aws.ConfigClusterResolver - Resolving eureka endpoints via configuration
2026-02-18 10:12:26 INFO  com.netflix.discovery.shared.resolver.aws.ConfigClusterResolver - Resolving eureka endpoints via configuration
2026-02-18 10:17:26 INFO  com.netflix.discovery.shared.resolver.aws.ConfigClusterResolver - Resolving eureka endpoints via configuration
2026-02-18 10:22:26 INFO  com.netflix.discovery.shared.resolver.aws.ConfigClusterResolver - Resolving eureka endpoints via configuration
2026-02-18 10:27:26 INFO  com.netflix.discovery.shared.resolver.aws.ConfigClusterResolver - Resolving eureka endpoints via configuration
2026-02-18 10:32:26 INFO  com.netflix.discovery.shared.resolver.aws.ConfigClusterResolver - Resolving eureka endpoints via configuration
2026-02-18 10:37:26 INFO  com.netflix.discovery.shared.resolver.aws.ConfigClusterResolver - Resolving eureka endpoints via configuration
2026-02-18 10:42:26 INFO  com.netflix.discovery.shared.resolver.aws.ConfigClusterResolver - Resolving eureka endpoints via configuration
2026-02-18 10:47:26 INFO  com.netflix.discovery.shared.resolver.aws.ConfigClusterResolver - Resolving eureka endpoints via configuration
2026-02-18 10:52:27 INFO  com.netflix.discovery.shared.resolver.aws.ConfigClusterResolver - Resolving eureka endpoints via configuration
2026-02-18 10:57:27 INFO  com.netflix.discovery.shared.resolver.aws.ConfigClusterResolver - Resolving eureka endpoints via configuration
2026-02-18 11:02:27 INFO  com.netflix.discovery.shared.resolver.aws.ConfigClusterResolver - Resolving eureka endpoints via configuration
2026-02-18 11:07:27 INFO  com.netflix.discovery.shared.resolver.aws.ConfigClusterResolver - Resolving eureka endpoints via configuration
2026-02-18 11:12:27 INFO  com.netflix.discovery.shared.resolver.aws.ConfigClusterResolver - Resolving eureka endpoints via configuration
2026-02-18 11:17:27 INFO  com.netflix.discovery.shared.resolver.aws.ConfigClusterResolver - Resolving eureka endpoints via configuration
2026-02-18 11:22:27 INFO  com.netflix.discovery.shared.resolver.aws.ConfigClusterResolver - Resolving eureka endpoints via configuration
2026-02-18 11:27:27 INFO  com.netflix.discovery.shared.resolver.aws.ConfigClusterResolver - Resolving eureka endpoints via configuration
2026-02-18 11:32:27 INFO  com.netflix.discovery.shared.resolver.aws.ConfigClusterResolver - Resolving eureka endpoints via configuration
2026-02-18 11:37:27 INFO  com.netflix.discovery.shared.resolver.aws.ConfigClusterResolver - Resolving eureka endpoints via configuration
2026-02-18 11:42:27 INFO  com.netflix.discovery.shared.resolver.aws.ConfigClusterResolver - Resolving eureka endpoints via configuration
2026-02-18 11:47:27 INFO  com.netflix.discovery.shared.resolver.aws.ConfigClusterResolver - Resolving eureka endpoints via configuration
2026-02-18 11:52:27 INFO  com.netflix.discovery.shared.resolver.aws.ConfigClusterResolver - Resolving eureka endpoints via configuration
2026-02-18 11:57:27 INFO  com.netflix.discovery.shared.resolver.aws.ConfigClusterResolver - Resolving eureka endpoints via configuration
2026-02-18 12:02:27 INFO  com.netflix.discovery.shared.resolver.aws.ConfigClusterResolver - Resolving eureka endpoints via configuration
2026-02-18 12:07:27 INFO  com.netflix.discovery.shared.resolver.aws.ConfigClusterResolver - Resolving eureka endpoints via configuration
2026-02-18 12:12:27 INFO  com.netflix.discovery.shared.resolver.aws.ConfigClusterResolver - Resolving eureka endpoints via configuration
2026-02-18 12:17:27 INFO  com.netflix.discovery.shared.resolver.aws.ConfigClusterResolver - Resolving eureka endpoints via configuration
2026-02-18 12:22:27 INFO  com.netflix.discovery.shared.resolver.aws.ConfigClusterResolver - Resolving eureka endpoints via configuration
2026-02-18 12:27:27 INFO  com.netflix.discovery.shared.resolver.aws.ConfigClusterResolver - Resolving eureka endpoints via configuration
2026-02-18 17:27:41 WARN  com.zaxxer.hikari.pool.HikariPool - HikariPool-1 - Thread starvation or clock leap detected (housekeeper delta=4h58m16s473ms560µs500ns).
